  姝ｅ湪纭畾瑕佽繕鍘熺殑椤圭洰鈥?
  鎵€鏈夐」鐩潎鏄渶鏂扮殑锛屾棤娉曡繕鍘熴€?
C:\Program Files\dotnet\sdk\10.0.300-preview.0.26177.108\Sdks\Microsoft.NET.Sdk\targets\Microsoft.NET.RuntimeIdentifierInference.targets(383,5): message NETSDK1057: 浣犳鍦ㄤ娇鐢?.NET 鐨勯瑙堢増銆傝鍙傞槄 https://aka.ms/dotnet-support-policy [C:\Users\17917\Desktop\scgd_general_wpf\UI\ColorVision.ImageEditor\ColorVision.ImageEditor.csproj::TargetFramework=net10.0-windows]
C:\Program Files\dotnet\sdk\10.0.300-preview.0.26177.108\Sdks\Microsoft.NET.Sdk\targets\Microsoft.NET.RuntimeIdentifierInference.targets(383,5): message NETSDK1057: 浣犳鍦ㄤ娇鐢?.NET 鐨勯瑙堢増銆傝鍙傞槄 https://aka.ms/dotnet-support-policy [C:\Users\17917\Desktop\scgd_general_wpf\UI\ColorVision.Core\ColorVision.Core.csproj::TargetFramework=net10.0-windows]
C:\Program Files\dotnet\sdk\10.0.300-preview.0.26177.108\Sdks\Microsoft.NET.Sdk\targets\Microsoft.NET.RuntimeIdentifierInference.targets(383,5): message NETSDK1057: 浣犳鍦ㄤ娇鐢?.NET 鐨勯瑙堢増銆傝鍙傞槄 https://aka.ms/dotnet-support-policy [C:\Users\17917\Desktop\scgd_general_wpf\UI\ColorVision.Common\ColorVision.Common.csproj::TargetFramework=net10.0-windows]
C:\Program Files\dotnet\sdk\10.0.300-preview.0.26177.108\Sdks\Microsoft.NET.Sdk\targets\Microsoft.NET.RuntimeIdentifierInference.targets(383,5): message NETSDK1057: 浣犳鍦ㄤ娇鐢?.NET 鐨勯瑙堢増銆傝鍙傞槄 https://aka.ms/dotnet-support-policy [C:\Users\17917\Desktop\scgd_general_wpf\UI\ColorVision.Themes\ColorVision.Themes.csproj::TargetFramework=net10.0-windows]
  ColorVision.Core -> C:\Users\17917\Desktop\scgd_general_wpf\UI\ColorVision.Core\bin\x64\Debug\net10.0-windows\ColorVision.Core.dll
  ColorVision.Common -> C:\Users\17917\Desktop\scgd_general_wpf\UI\ColorVision.Common\bin\x64\Debug\net10.0-windows\ColorVision.Common.dll
  ColorVision.Themes -> C:\Users\17917\Desktop\scgd_general_wpf\UI\ColorVision.Themes\bin\x64\Debug\net10.0-windows\ColorVision.Themes.dll
  ColorVision.UI -> C:\Users\17917\Desktop\scgd_general_wpf\UI\ColorVision.UI\bin\x64\Debug\net10.0-windows\ColorVision.UI.dll
  ColorVision.ImageEditor -> C:\Users\17917\Desktop\scgd_general_wpf\UI\ColorVision.ImageEditor\bin\x64\Debug\net10.0-windows\ColorVision.ImageEditor.dll

宸叉垚鍔熺敓鎴愩€?
    0 涓鍛?
    0 涓敊璇?

宸茬敤鏃堕棿 00:00:09.69
